// Jest Snapshot v1, https://goo.gl/fbAQLP

exports[`screens/AboutScreen should match snapshot 1`] = `
<RCTSafeAreaView
  emulateUnlessSupported={true}
  style={
    Array [
      undefined,
      Object {
        "backgroundColor": "#919ff0",
      },
    ]
  }
>
  <View>
    <Text
      style={
        Array [
          Object {
            "fontSize": 30,
            "fontWeight": "bold",
            "textAlign": "center",
          },
          Object {
            "color": "#232323",
          },
        ]
      }
    >
      About Screen
    </Text>
    <Text>
      {
  "APP_NAME": "Pocket Trace",
  "APP_ENV": "development",
  "APP_API_BASE_URL": "http://localhost:3000"
}
    </Text>
    <View
      accessible={true}
      collapsable={false}
      focusable={true}
      onClick={[Function]}
      onResponderGrant={[Function]}
      onResponderMove={[Function]}
      onResponderRelease={[Function]}
      onResponderTerminate={[Function]}
      onResponderTerminationRequest={[Function]}
      onStartShouldSetResponder={[Function]}
      style={
        Object {
          "opacity": 1,
        }
      }
    >
      <Text
        style={
          Object {
            "color": "#434343",
            "textAlign": "center",
          }
        }
      >
        back to home screen ?
      </Text>
    </View>
  </View>
</RCTSafeAreaView>
`;
