// Jest Snapshot v1, https://goo.gl/fbAQLP

exports[`screens/SignupScreen should match snapshot 1`] = `
<RNCSafeAreaView
  edges={
    Array [
      "bottom",
      "left",
      "right",
      "top",
    ]
  }
  style={
    Object {
      "backgroundColor": "#fafafa",
      "flex": 1,
      "position": "relative",
    }
  }
>
  <View
    style={
      Object {
        "display": "flex",
        "marginTop": 30,
        "paddingHorizontal": 20,
        "paddingVertical": 30,
      }
    }
  >
    <View>
      <Text
        style={
          Object {
            "color": "#5145a0",
            "fontSize": 20,
            "fontWeight": "bold",
            "marginBottom": 10,
          }
        }
      >
        Sign Up
      </Text>
      <View
        style={
          Object {
            "alignItems": "flex-start",
            "display": "flex",
            "justifyContent": "flex-start",
            "marginVertical": 10,
            "width": "100%",
          }
        }
      >
        <Text
          style={
            Object {
              "fontSize": 16,
              "fontWeight": "500",
              "textAlign": "left",
            }
          }
        >
          Name
        </Text>
        <View
          style={
            Object {
              "backgroundColor": "#d4cef7",
              "borderColor": "#5145a0",
              "borderRadius": 6,
              "display": "flex",
              "flexDirection": "row",
              "width": "100%",
            }
          }
        >
          <TextInput
            autoCapitalize="none"
            autoCorrect={false}
            onBlur={[Function]}
            onChangeText={[Function]}
            onFocus={[Function]}
            placeholder="Name"
            placeholderTextColor="#5145a0"
            secureTextEntry={false}
            style={
              Object {
                "flexDirection": "row",
                "fontSize": 16,
                "paddingHorizontal": 10,
                "paddingVertical": 14,
                "width": "90%",
              }
            }
            value=""
          />
        </View>
      </View>
      <View
        style={
          Object {
            "alignItems": "flex-start",
            "display": "flex",
            "justifyContent": "flex-start",
            "marginVertical": 10,
            "width": "100%",
          }
        }
      >
        <Text
          style={
            Object {
              "fontSize": 16,
              "fontWeight": "500",
              "textAlign": "left",
            }
          }
        >
          Email
        </Text>
        <View
          style={
            Object {
              "backgroundColor": "#d4cef7",
              "borderColor": "#5145a0",
              "borderRadius": 6,
              "display": "flex",
              "flexDirection": "row",
              "width": "100%",
            }
          }
        >
          <TextInput
            autoCapitalize="none"
            autoComplete="email"
            autoCorrect={false}
            onBlur={[Function]}
            onChangeText={[Function]}
            onFocus={[Function]}
            placeholder="Email"
            placeholderTextColor="#5145a0"
            secureTextEntry={false}
            style={
              Object {
                "flexDirection": "row",
                "fontSize": 16,
                "paddingHorizontal": 10,
                "paddingVertical": 14,
                "width": "90%",
              }
            }
            value=""
          />
        </View>
      </View>
      <View
        style={
          Object {
            "alignItems": "flex-start",
            "display": "flex",
            "justifyContent": "flex-start",
            "marginVertical": 10,
            "width": "100%",
          }
        }
      >
        <Text
          style={
            Object {
              "fontSize": 16,
              "fontWeight": "500",
              "textAlign": "left",
            }
          }
        >
          Password
        </Text>
        <View
          style={
            Object {
              "backgroundColor": "#d4cef7",
              "borderColor": "#5145a0",
              "borderRadius": 6,
              "display": "flex",
              "flexDirection": "row",
              "width": "100%",
            }
          }
        >
          <TextInput
            autoCapitalize="none"
            autoComplete="password"
            autoCorrect={false}
            defaultValue=""
            onBlur={[Function]}
            onChangeText={[Function]}
            onFocus={[Function]}
            placeholder="Password"
            placeholderTextColor="#5145a0"
            secureTextEntry={true}
            style={
              Object {
                "flexDirection": "row",
                "fontSize": 16,
                "paddingHorizontal": 10,
                "paddingVertical": 14,
                "width": "90%",
              }
            }
            value=""
          />
        </View>
      </View>
      <View
        accessibilityState={
          Object {
            "disabled": false,
          }
        }
        accessible={true}
        collapsable={false}
        focusable={true}
        onClick={[Function]}
        onResponderGrant={[Function]}
        onResponderMove={[Function]}
        onResponderRelease={[Function]}
        onResponderTerminate={[Function]}
        onResponderTerminationRequest={[Function]}
        onStartShouldSetResponder={[Function]}
        style={
          Object {
            "marginVertical": 5,
            "opacity": 1,
          }
        }
      >
        <View
          style={
            Array [
              Object {
                "alignItems": "center",
                "backgroundColor": "#5145a0",
                "borderRadius": 6,
                "display": "flex",
                "flexDirection": "row",
                "justifyContent": "center",
                "padding": 12,
              },
              undefined,
            ]
          }
        >
          <Text />
          <Text
            style={
              Array [
                Object {
                  "color": "#fafafa",
                  "fontSize": 18,
                  "fontWeight": "500",
                  "textAlign": "center",
                },
                Object {
                  "fontWeight": "bold",
                },
              ]
            }
          >
            Sign Up
          </Text>
        </View>
      </View>
    </View>
  </View>
</RNCSafeAreaView>
`;
